// Jest Snapshot v1, https://goo.gl/fbAQLP

exports[`component::CompanyTypeahead snapshots renders disabled without crashing 1`] = `
<section
  className="typeahead "
  onBlur={[Function]}
  onFocus={[Function]}
>
  <div
    className="m-btn-inside-input input-contains-label"
  >
    <div
      className="input-contains-label_before input-contains-label_before__search"
    >
      <svg
        className="cf-icon-svg"
        viewBox="0 0 880.6 1200"
        xmlns="http://www.w3.org/2000/svg"
      >
        <path
          d="M860.1 879.2L645.7 664.8c90.8-136.8 76-323-44.6-443.5-137.5-137.5-360.5-137.5-498 0s-137.5 360.5 0 498c118.5 118.4 303.9 137 443.5 44.6L761 978.3c27.3 27.3 71.7 27.3 99 0s27.4-71.8.1-99.1zm-508-116.9C191.4 762 61.3 631.5 61.6 470.8c.3-160.7 130.8-290.8 291.5-290.5s290.8 130.8 290.5 291.5c-.2 118.2-71.9 224.6-181.5 269.1-34.9 14.2-72.3 21.5-110 21.4z"
        />
      </svg>
    </div>
    <label
      className="u-visually-hidden"
      htmlFor="company-typeahead-foobar"
    >
      Start typing to begin listing companies
    </label>
    <input
      autoComplete="off"
      className="a-text-input"
      disabled={true}
      id="company-typeahead-foobar"
      onChange={[Function]}
      onKeyDown={[Function]}
      placeholder="Enter company name"
      type="text"
      value=""
    />
  </div>
</section>
`;

exports[`component::CompanyTypeahead snapshots renders without crashing 1`] = `
<section
  className="typeahead "
  onBlur={[Function]}
  onFocus={[Function]}
>
  <div
    className="m-btn-inside-input input-contains-label"
  >
    <div
      className="input-contains-label_before input-contains-label_before__search"
    >
      <svg
        className="cf-icon-svg"
        viewBox="0 0 880.6 1200"
        xmlns="http://www.w3.org/2000/svg"
      >
        <path
          d="M860.1 879.2L645.7 664.8c90.8-136.8 76-323-44.6-443.5-137.5-137.5-360.5-137.5-498 0s-137.5 360.5 0 498c118.5 118.4 303.9 137 443.5 44.6L761 978.3c27.3 27.3 71.7 27.3 99 0s27.4-71.8.1-99.1zm-508-116.9C191.4 762 61.3 631.5 61.6 470.8c.3-160.7 130.8-290.8 291.5-290.5s290.8 130.8 290.5 291.5c-.2 118.2-71.9 224.6-181.5 269.1-34.9 14.2-72.3 21.5-110 21.4z"
        />
      </svg>
    </div>
    <label
      className="u-visually-hidden"
      htmlFor="company-typeahead-foobar"
    >
      Start typing to begin listing companies
    </label>
    <input
      autoComplete="off"
      className="a-text-input"
      id="company-typeahead-foobar"
      onChange={[Function]}
      onKeyDown={[Function]}
      placeholder="Enter company name"
      type="text"
      value=""
    />
  </div>
</section>
`;
