// Jest Snapshot v1, https://goo.gl/fbAQLP

exports[`component: DateRanges initial state renders without crashing 1`] = `
<section
  className="date-ranges m-btn-group"
>
  <p>
    Date range (Click to modify range)
  </p>
  <button
    className="a-btn date-selector range-3m"
    onClick={[Function]}
  >
    3m
  </button>
  <button
    className="a-btn date-selector range-6m"
    onClick={[Function]}
  >
    6m
  </button>
  <button
    className="a-btn date-selector range-1y"
    onClick={[Function]}
  >
    1y
  </button>
  <button
    className="a-btn date-selector range-3y selected"
    onClick={[Function]}
  >
    3y
  </button>
  <button
    className="a-btn date-selector range-All"
    onClick={[Function]}
  >
    All
  </button>
</section>
`;
