// Jest Snapshot v1, https://goo.gl/fbAQLP

exports[`component::Option looks different when selected 1`] = `
<li
  className="typeahead-option body-copy selected"
  onMouseDown={[MockFunction]}
  onTouchStart={[MockFunction]}
/>
`;
