// Jest Snapshot v1, https://goo.gl/fbAQLP

exports[`component:Pill renders without crashing 1`] = `
<li
  className="pill flex-fixed"
>
  <span
    className="name"
  >
    bar
  </span>
  <button
    title="Remove bar as a filter"
  >
    <svg
      className="cf-icon-svg"
      viewBox="0 0 718.9 1200"
      xmlns="http://www.w3.org/2000/svg"
    >
      <path
        d="M451.4 613.7l248.1-248.1c25.6-25.1 26-66.3.8-91.9s-66.3-26-91.9-.8l-.8.8-248.1 248.1-248.1-248.1c-25.4-25.4-66.5-25.4-91.9 0s-25.4 66.5 0 91.9l248.1 248.1L19.5 861.8c-25.6 25.1-26 66.3-.8 91.9s66.3 26 91.9.8l.8-.8 248.1-248.1 248.1 248.1c25.4 25.4 66.5 25.4 91.9 0s25.4-66.5 0-91.9L451.4 613.7z"
      />
    </svg>
  </button>
</li>
`;
