// Jest Snapshot v1, https://goo.gl/fbAQLP

exports[`component:CollapsibleFilter initial state renders without crashing 1`] = `
<section
  className="o-expandable"
>
  <div
    className="o-expandable_header o-expandable_target"
  >
    <h4
      className="o-expandable_header-left o-expandable_label"
    >
      foo
    </h4>
    <span
      className="o-expandable_header-right o-expandable_link"
    >
      <button
        className="a-btn a-btn__link o-expandable_cue o-expandable_cue-close"
        onClick={[Function]}
      >
        Hide
        <svg
          className="cf-icon-svg"
          viewBox="0 0 1000 1200"
          xmlns="http://www.w3.org/2000/svg"
        >
          <path
            d="M500 105.2c-276.1 0-500 223.9-500 500s223.9 500 500 500 500-223.9 500-500-223.9-500-500-500zm263.1 550.7H236c-27.6 0-50-22.4-50-50s22.4-50 50-50h527.1c27.6 0 50 22.4 50 50s-22.4 50-50 50z"
          />
        </svg>
      </button>
    </span>
  </div>
  <p>
    bar
  </p>
</section>
`;
