// Jest Snapshot v1, https://goo.gl/fbAQLP

exports[`component:FocusHeader renders both tabs without crashing 1`] = `
<div
  className="focus-header"
>
  <button
    className="a-btn a-btn__link clear-focus"
    id="clear-focus"
    onClick={[Function]}
  >
    <svg>
      left.svg
    </svg>
    View product trends
  </button>
  <div>
    <section
      className="focus"
    >
      <h1>
        Foo Bar
      </h1>
      <span
        className="divider"
      />
      <h2>
        90,120
         Complaints
      </h2>
    </section>
  </div>
  <div
    className="tabbed-navigation lens"
  >
    <section>
      <button
        className="tab sub_product active"
        onClick={[Function]}
      >
        Sub-products
      </button>
      <button
        className="tab issue"
        onClick={[Function]}
      >
        Issues
      </button>
    </section>
  </div>
</div>
`;
