// Jest Snapshot v1, https://goo.gl/fbAQLP

exports[`initial state renders without crashing 1`] = `
<header
  className="content_hero"
>
  <h1
    className="content-header"
  >
    Consumer Complaint Database
  </h1>
  <ul
    className="m-list m-list__horizontal"
  >
    <li
      className="m-list_item"
    >
      <button
        className="a-btn a-btn__link"
        onClick={[Function]}
      >
        Things to know before you use this database
      </button>
    </li>
    <li
      className="m-list_item"
    >
      <a
        href="https://www.consumerfinance.gov/complaint/data-use/"
        rel="noopener noreferrer"
        target="_blank"
      >
        How we use complaint data
      </a>
    </li>
    <li
      className="m-list_item"
    >
      <a
        href="https://cfpb.github.io/api/ccdb/"
        rel="noopener noreferrer"
        target="_blank"
      >
        Technical documentation
      </a>
    </li>
  </ul>
</header>
`;
