// Jest Snapshot v1, https://goo.gl/fbAQLP

exports[`component:PillPanel adds a has narrative pill 1`] = `
<section
  className="pill-panel"
>
  <h3
    className="h4 pill-label flex-fixed"
  >
    Filters applied:
  </h3>
  <ul
    className="layout-row"
  >
    <li
      className="pill flex-fixed"
    >
      <span
        className="name"
      >
        
        Has narrative
      </span>
      <button
        onClick={[Function]}
      >
        <span
          className="u-visually-hidden"
        >
          Remove Has narrative as a filter
        </span>
        <svg
          className="cf-icon-svg"
          viewBox="0 0 718.9 1200"
          xmlns="http://www.w3.org/2000/svg"
        >
          <path
            d="M451.4 613.7l248.1-248.1c25.6-25.1 26-66.3.8-91.9s-66.3-26-91.9-.8l-.8.8-248.1 248.1-248.1-248.1c-25.4-25.4-66.5-25.4-91.9 0s-25.4 66.5 0 91.9l248.1 248.1L19.5 861.8c-25.6 25.1-26 66.3-.8 91.9s66.3 26 91.9.8l.8-.8 248.1-248.1 248.1 248.1c25.4 25.4 66.5 25.4 91.9 0s25.4-66.5 0-91.9L451.4 613.7z"
          />
        </svg>
      </button>
    </li>
    <li
      className="clear-all"
    >
      <button
        className="a-btn a-btn__link body-copy"
        onClick={[Function]}
      >
        <svg
          className="cf-icon-svg"
          viewBox="0 0 718.9 1200"
          xmlns="http://www.w3.org/2000/svg"
        >
          <path
            d="M451.4 613.7l248.1-248.1c25.6-25.1 26-66.3.8-91.9s-66.3-26-91.9-.8l-.8.8-248.1 248.1-248.1-248.1c-25.4-25.4-66.5-25.4-91.9 0s-25.4 66.5 0 91.9l248.1 248.1L19.5 861.8c-25.6 25.1-26 66.3-.8 91.9s66.3 26 91.9.8l.8-.8 248.1-248.1 248.1 248.1c25.4 25.4 66.5 25.4 91.9 0s25.4-66.5 0-91.9L451.4 613.7z"
          />
        </svg>
        Clear all filters
      </button>
    </li>
  </ul>
</section>
`;

exports[`component:PillPanel does not render when there are no filters 1`] = `null`;

exports[`component:PillPanel does not renders patched filters 1`] = `
<section
  className="pill-panel"
>
  <h3
    className="h4 pill-label flex-fixed"
  >
    Filters applied:
  </h3>
  <ul
    className="layout-row"
  >
    <li
      className="pill flex-fixed"
    >
      <span
        className="name"
      >
        
        a
      </span>
      <button
        onClick={[Function]}
      >
        <span
          className="u-visually-hidden"
        >
          Remove a as a filter
        </span>
        <svg
          className="cf-icon-svg"
          viewBox="0 0 718.9 1200"
          xmlns="http://www.w3.org/2000/svg"
        >
          <path
            d="M451.4 613.7l248.1-248.1c25.6-25.1 26-66.3.8-91.9s-66.3-26-91.9-.8l-.8.8-248.1 248.1-248.1-248.1c-25.4-25.4-66.5-25.4-91.9 0s-25.4 66.5 0 91.9l248.1 248.1L19.5 861.8c-25.6 25.1-26 66.3-.8 91.9s66.3 26 91.9.8l.8-.8 248.1-248.1 248.1 248.1c25.4 25.4 66.5 25.4 91.9 0s25.4-66.5 0-91.9L451.4 613.7z"
          />
        </svg>
      </button>
    </li>
    <li
      className="pill flex-fixed"
    >
      <span
        className="name"
      >
        
        Bananas are great
      </span>
      <button
        onClick={[Function]}
      >
        <span
          className="u-visually-hidden"
        >
          Remove Bananas are great as a filter
        </span>
        <svg
          className="cf-icon-svg"
          viewBox="0 0 718.9 1200"
          xmlns="http://www.w3.org/2000/svg"
        >
          <path
            d="M451.4 613.7l248.1-248.1c25.6-25.1 26-66.3.8-91.9s-66.3-26-91.9-.8l-.8.8-248.1 248.1-248.1-248.1c-25.4-25.4-66.5-25.4-91.9 0s-25.4 66.5 0 91.9l248.1 248.1L19.5 861.8c-25.6 25.1-26 66.3-.8 91.9s66.3 26 91.9.8l.8-.8 248.1-248.1 248.1 248.1c25.4 25.4 66.5 25.4 91.9 0s25.4-66.5 0-91.9L451.4 613.7z"
          />
        </svg>
      </button>
    </li>
    <li
      className="clear-all"
    >
      <button
        className="a-btn a-btn__link body-copy"
        onClick={[Function]}
      >
        <svg
          className="cf-icon-svg"
          viewBox="0 0 718.9 1200"
          xmlns="http://www.w3.org/2000/svg"
        >
          <path
            d="M451.4 613.7l248.1-248.1c25.6-25.1 26-66.3.8-91.9s-66.3-26-91.9-.8l-.8.8-248.1 248.1-248.1-248.1c-25.4-25.4-66.5-25.4-91.9 0s-25.4 66.5 0 91.9l248.1 248.1L19.5 861.8c-25.6 25.1-26 66.3-.8 91.9s66.3 26 91.9.8l.8-.8 248.1-248.1 248.1 248.1c25.4 25.4 66.5 25.4 91.9 0s25.4-66.5 0-91.9L451.4 613.7z"
          />
        </svg>
        Clear all filters
      </button>
    </li>
  </ul>
</section>
`;

exports[`component:PillPanel renders without crashing 1`] = `
<section
  className="pill-panel"
>
  <h3
    className="h4 pill-label flex-fixed"
  >
    Filters applied:
  </h3>
  <ul
    className="layout-row"
  >
    <li
      className="pill flex-fixed"
    >
      <span
        className="name"
      >
        
        Date Received: 12/1/2011 - 12/1/2019
      </span>
      <button
        onClick={[Function]}
      >
        <span
          className="u-visually-hidden"
        >
          Remove Date Received: 12/1/2011 - 12/1/2019 as a filter
        </span>
        <svg
          className="cf-icon-svg"
          viewBox="0 0 718.9 1200"
          xmlns="http://www.w3.org/2000/svg"
        >
          <path
            d="M451.4 613.7l248.1-248.1c25.6-25.1 26-66.3.8-91.9s-66.3-26-91.9-.8l-.8.8-248.1 248.1-248.1-248.1c-25.4-25.4-66.5-25.4-91.9 0s-25.4 66.5 0 91.9l248.1 248.1L19.5 861.8c-25.6 25.1-26 66.3-.8 91.9s66.3 26 91.9.8l.8-.8 248.1-248.1 248.1 248.1c25.4 25.4 66.5 25.4 91.9 0s25.4-66.5 0-91.9L451.4 613.7z"
          />
        </svg>
      </button>
    </li>
    <li
      className="pill flex-fixed"
    >
      <span
        className="name"
      >
        
        Apples
      </span>
      <button
        onClick={[Function]}
      >
        <span
          className="u-visually-hidden"
        >
          Remove Apples as a filter
        </span>
        <svg
          className="cf-icon-svg"
          viewBox="0 0 718.9 1200"
          xmlns="http://www.w3.org/2000/svg"
        >
          <path
            d="M451.4 613.7l248.1-248.1c25.6-25.1 26-66.3.8-91.9s-66.3-26-91.9-.8l-.8.8-248.1 248.1-248.1-248.1c-25.4-25.4-66.5-25.4-91.9 0s-25.4 66.5 0 91.9l248.1 248.1L19.5 861.8c-25.6 25.1-26 66.3-.8 91.9s66.3 26 91.9.8l.8-.8 248.1-248.1 248.1 248.1c25.4 25.4 66.5 25.4 91.9 0s25.4-66.5 0-91.9L451.4 613.7z"
          />
        </svg>
      </button>
    </li>
    <li
      className="pill flex-fixed"
    >
      <span
        className="name"
      >
        
        Bananas are great
      </span>
      <button
        onClick={[Function]}
      >
        <span
          className="u-visually-hidden"
        >
          Remove Bananas are great as a filter
        </span>
        <svg
          className="cf-icon-svg"
          viewBox="0 0 718.9 1200"
          xmlns="http://www.w3.org/2000/svg"
        >
          <path
            d="M451.4 613.7l248.1-248.1c25.6-25.1 26-66.3.8-91.9s-66.3-26-91.9-.8l-.8.8-248.1 248.1-248.1-248.1c-25.4-25.4-66.5-25.4-91.9 0s-25.4 66.5 0 91.9l248.1 248.1L19.5 861.8c-25.6 25.1-26 66.3-.8 91.9s66.3 26 91.9.8l.8-.8 248.1-248.1 248.1 248.1c25.4 25.4 66.5 25.4 91.9 0s25.4-66.5 0-91.9L451.4 613.7z"
          />
        </svg>
      </button>
    </li>
    <li
      className="pill flex-fixed"
    >
      <span
        className="name"
      >
        Timely: 
        Yes
      </span>
      <button
        onClick={[Function]}
      >
        <span
          className="u-visually-hidden"
        >
          Remove Yes as a filter
        </span>
        <svg
          className="cf-icon-svg"
          viewBox="0 0 718.9 1200"
          xmlns="http://www.w3.org/2000/svg"
        >
          <path
            d="M451.4 613.7l248.1-248.1c25.6-25.1 26-66.3.8-91.9s-66.3-26-91.9-.8l-.8.8-248.1 248.1-248.1-248.1c-25.4-25.4-66.5-25.4-91.9 0s-25.4 66.5 0 91.9l248.1 248.1L19.5 861.8c-25.6 25.1-26 66.3-.8 91.9s66.3 26 91.9.8l.8-.8 248.1-248.1 248.1 248.1c25.4 25.4 66.5 25.4 91.9 0s25.4-66.5 0-91.9L451.4 613.7z"
          />
        </svg>
      </button>
    </li>
    <li
      className="clear-all"
    >
      <button
        className="a-btn a-btn__link body-copy"
        onClick={[Function]}
      >
        <svg
          className="cf-icon-svg"
          viewBox="0 0 718.9 1200"
          xmlns="http://www.w3.org/2000/svg"
        >
          <path
            d="M451.4 613.7l248.1-248.1c25.6-25.1 26-66.3.8-91.9s-66.3-26-91.9-.8l-.8.8-248.1 248.1-248.1-248.1c-25.4-25.4-66.5-25.4-91.9 0s-25.4 66.5 0 91.9l248.1 248.1L19.5 861.8c-25.6 25.1-26 66.3-.8 91.9s66.3 26 91.9.8l.8-.8 248.1-248.1 248.1 248.1c25.4 25.4 66.5 25.4 91.9 0s25.4-66.5 0-91.9L451.4 613.7z"
          />
        </svg>
        Clear all filters
      </button>
    </li>
  </ul>
</section>
`;
