// Jest Snapshot v1, https://goo.gl/fbAQLP

exports[`component: RowChart initial state renders without crashing 1`] = `
<div
  className="row-chart-section"
>
  <h3>
    Foo title we want
  </h3>
  <p>
    sub title under title
  </p>
  <div
    id="row-chart-foo"
  />
</div>
`;
