// Jest Snapshot v1, https://goo.gl/fbAQLP

exports[`component: TabbedNavigation initial state renders without crashing 1`] = `
<div
  className="tabbed-navigation"
>
  <section>
    <button
      className="map tab"
      onClick={[Function]}
    >
      Map
    </button>
    <button
      className="trends tab"
      onClick={[Function]}
    >
      Trends
    </button>
    <button
      className="list tab"
      onClick={[Function]}
    >
      List
    </button>
  </section>
</div>
`;

exports[`component: TabbedNavigation initial state shows the Trends tab 1`] = `
<div
  className="tabbed-navigation"
>
  <section>
    <button
      className="map tab"
      onClick={[Function]}
    >
      Map
    </button>
    <button
      className="trends tab"
      onClick={[Function]}
    >
      Trends
    </button>
    <button
      className="list tab"
      onClick={[Function]}
    >
      List
    </button>
  </section>
</div>
`;
