// Jest Snapshot v1, https://goo.gl/fbAQLP

exports[`component::RootModal initial state does not render modals initially 1`] = `null`;
